{
  "url" : "given-actual-url",
  "headers" : {
    "given-actual-header-name-1" : "given-actual-header-value-1"
  },
  "body" : "given-actual-body"
}