{
  "body" : "given-actual-body",
  "headers" : {
    "given-actual-header-name-1" : "given-actual-header-value-1"
  },
  "url" : "given-actual-url"
}